npm warn Unknown env config "http-proxy". This will stop working in the next major version of npm.

> wayfarer-world-kit@0.9.0-rc.2 build
> tsc -p tsconfig.json && npm run mesh:bundle && npm run realm:bundle && npm run visual:bundle && npm run characters:bundle

npm warn Unknown env config "http-proxy". This will stop working in the next major version of npm.

> wayfarer-world-kit@0.9.0-rc.2 mesh:bundle
> esbuild src/mesh-lab.ts --bundle --format=esm --minify --legal-comments=linked --outfile=preview/mesh-lab.bundle.js


  preview/mesh-lab.bundle.js  6.9mb ⚠️

⚡ Done in 867ms
npm warn Unknown env config "http-proxy". This will stop working in the next major version of npm.

> wayfarer-world-kit@0.9.0-rc.2 realm:bundle
> esbuild src/realm-3d.ts --bundle --format=esm --minify --legal-comments=linked --outfile=preview/realm-3d.bundle.js


  preview/realm-3d.bundle.js  6.9mb ⚠️

⚡ Done in 894ms
npm warn Unknown env config "http-proxy". This will stop working in the next major version of npm.

> wayfarer-world-kit@0.9.0-rc.2 visual:bundle
> esbuild src/pglite-plugin.ts --bundle --platform=browser --format=esm --minify --legal-comments=linked --outfile=preview/pglite-plugin.bundle.js && esbuild src/pglite-worker.ts --bundle --platform=browser --format=esm --minify --legal-comments=linked --external:node:* --outfile=preview/pglite-worker.bundle.js && node tools/copy-pglite-assets.mjs


  preview/pglite-plugin.bundle.js  33.1kb

⚡ Done in 7ms

  preview/pglite-worker.bundle.js  595.3kb

⚡ Done in 58ms
npm warn Unknown env config "http-proxy". This will stop working in the next major version of npm.

> wayfarer-world-kit@0.9.0-rc.2 characters:bundle
> esbuild src/character-studio.ts --bundle --platform=browser --format=esm --minify --legal-comments=linked --outfile=preview/character-studio.bundle.js


  preview/character-studio.bundle.js  6.9mb ⚠️

⚡ Done in 919ms
