✔ A points down, B points up; equal strengths cancel only in the center plane (1.026859ms)
✔ C circulates tangentially, reverses cleanly and has a finite calm core (0.306062ms)
✔ field has bounded cylindrical support and weakens toward its edges (0.650541ms)
✔ pulse follows simulation time with known peak and trough (0.153441ms)
✔ invalid fields reject before mutation and settings are defensively copied (0.485853ms)
✔ combined field is capped separately from gravity; pulses freeze and reset with simulation (14.977351ms)
✔ strong pulsing ABC fields remain finite and preserve all pinned points (80.517792ms)
✔ player 1 failure leaves all committed walkers unchanged (2.925092ms)
✔ player 2 failure leaves all committed walkers unchanged (0.583741ms)
✔ player 3 failure leaves all committed walkers unchanged (8.850479ms)
✔ player 4 failure leaves all committed walkers unchanged (0.427444ms)
✔ invalid final candidate is discarded before commit (0.447044ms)
✔ 100 deterministic staged input replays match (71.412949ms)
✔ default fetch preserves the browser global receiver (4.958038ms)
✔ presentation springs respond to travel and settle without mutating authoritative position (2.747744ms)
✔ long stalls, teleports, reduced motion and invalid clocks are bounded (0.334966ms)
✔ irregular frame intervals keep springs finite and bounded (3.645007ms)
✔ magenta key preserves character colors and existing transparency (0.243858ms)
✔ animation uses frame durations and wraps at cycle boundary (0.222656ms)
✔ rounded sphere triangles face outwards and remain within collider extents (0.74911ms)
✔ all selectable source sheets match dimensions and crop bounds (0.746456ms)
✔ walk jog and run presentation have distinct grounded stride weights (0.254974ms)
✔ character studio and compiled renderer are served by the actual realm host with local preview controls (292.174936ms)
✔ contract roundtrips within server input budget and matches simulation cadence (1.932365ms)
✔ every contract-field mismatch is rejected with a compatibility reason (0.588748ms)
✔ malformed handshakes and unknown fields are rejected on both sides (0.485292ms)
✔ incompatible world never joins, receives snapshots, or reserves a player id (34.164051ms)
✔ movement before hello is rejected before any player exists (8.415092ms)
✔ missing or unsupported subprotocol cannot establish a realm connection (12.438772ms)
✔ pending handshake expires and releases capacity without creating player (157.996015ms)
✔ replayed hello cannot reset player identity or input sequence (20.364746ms)
✔ compatibility errors map to bounded user messages, not arbitrary server prose (0.541476ms)
✔ bridge supports replace deep-water walking only inside their footprint (1.269485ms)
✔ submerged decks stay wet, and buried decks do not replace terrain (0.207343ms)
✔ ramp top geometry and navigation agree along both axes (0.763111ms)
✔ foundation interior is level and blend joins untouched ground continuously (0.406002ms)
✔ edited terrain triangles match samples at fractional positions and shared mesh borders (4.342039ms)
✔ conflicting earthworks, overlapping decks and invalid pad sizes are rejected (0.429318ms)
✔ bridge rails block sideways exits while the walking center remains clear (3.527861ms)
✔ all three themed plans cross real generated water with fitted dry landings (55.508646ms)
✔ fixed-tick server walker completes a real bridge crossing without teleporting or sinking (21.975016ms)
✔ planner rejects dry sites, clipped banks, multiple channels and invalid options (0.98137ms)
✔ nearby inscriptions respect three-dimensional inspection distance (9.246857ms)
✔ site reservations clear conflicting generated props and leave source chunks untouched (17.166934ms)
✔ reference scene buffers are finite, indexed correctly and reproduce identically (32.301261ms)
✔ adjacent ramps cannot silently register a discontinuous seam (0.438882ms)
✔ reserved procedural props and neighboring structures do not block the verified crossing (54.33817ms)
✔ keyboard aliases and touch holds release independently (0.788469ms)
✔ weapons enforce range, cadence and immutable damage definitions (1.178297ms)
✔ pulse can be guarded on impact or dodged outside the ring (0.244779ms)
✔ knockout recovers while warden rests; camp heals without exceeding cap (0.137968ms)
✔ contributors receive one shared victory, spectators none, and warden respawns (0.695068ms)
✔ burst commands cannot bypass cooldown; clients cannot submit damage or target (3.662925ms)
✔ failed candidate leaves combat, results and clock unchanged (1.473152ms)
✔ combat is shared while fighter state stays private and session-only (1.43914ms)
✔ malformed health and impossible recovery clocks fail closed (0.389758ms)
✔ passive pulse and health changes advance gameplay revision (6.531952ms)
✔ second-player failure prevents partial state publication and any further realm ticks (3.125424ms)
✔ clock reset and repaired sampler cannot revive a partially advanced realm (0.508657ms)
✔ trusted hook failure faults realm without publishing hook mutations (0.29197ms)
✔ invalid host deltas leave healthy realm available (0.475798ms)
✔ low-level WorldSession also blocks partial snapshots after tick failure (0.512744ms)
✔ catch-up fault preserves count of completed steps and stops remaining steps (0.622439ms)
✔ actions wait for tick, distance is authoritative and effects are idempotent (9.657868ms)
✔ identity fields, unknown skins and malformed commands fail closed (0.561157ms)
✔ cosmetics replicate only for visible identities and queued actions are bounded (1.791482ms)
✔ failed action calculation preserves all game results and effects (0.406323ms)
✔ invalid server game messages are rejected (0.813077ms)
✔ inventory rejects sparse slots and item catalog cannot be changed (1.223786ms)
✔ resource and gather clocks reject impossible snapshots (2.145186ms)
✔ duplicate player identity and malformed connections cannot enter gameplay (1.169254ms)
✔ final candidate failure discards reward payment, item grant, result and tick (11.137419ms)
✔ realm discards clock divergence before publishing movement (2.683888ms)
✔ 5000 seeded mixed actions preserve inventory and resource invariants (479.43071ms)
BJS - [02:27:15]: Babylon.js v9.28.0 - Null engine
BJS - [02:27:15]: Babylon.js v9.28.0 - Null engine
BJS - [02:27:15]: Babylon.js v9.28.0 - Null engine
BJS - [02:27:15]: Babylon.js v9.28.0 - Null engine
BJS - [02:27:15]: Babylon.js v9.28.0 - Null engine
✔ blink and ambient gestures change only presentation and reset under reduced motion (93.531851ms)
✔ entire roster has distinct profiles, real geometry and disposable rigs (130.782536ms)
✔ cape pins stay anchored, wind deforms the hem and all geometry remains finite (13.028101ms)
✔ walking follows server positions, pause stabilizes secondary motion, equipment swaps do not leak meshes (18.794698ms)
✔ active drill gestures articulate the rig and reset cleanly when paused (39.164833ms)
BJS - [02:27:15]: Babylon.js v9.28.0 - Null engine
BJS - [02:27:15]: Babylon.js v9.28.0 - Null engine
BJS - [02:27:15]: Babylon.js v9.28.0 - Null engine
BJS - [02:27:15]: Babylon.js v9.28.0 - Null engine
✔ all roster models contain detailed faces, clothed anatomy and a bounded joint/mesh budget (215.525588ms)
✔ appearance validation is strict, detached and palette-bounded before allocating a rig (183.35798ms)
✔ knees and elbows articulate in motion, wrists and speaking gestures reset fully on pause (30.148853ms)
✔ static batches retain anatomy labels and stable material/mesh counts through equipment and motion (29.96705ms)
✔ host sleeps without players, starts on admission and stops after final departure (193.994098ms)
✔ HUD tabs, keyboard navigation and collapse preserve independent gameplay controls (1.249034ms)
✔ one reward consumes one token; repeated claims cannot duplicate items (22.576122ms)
✔ equip and stow conserve item ownership and share only equipment (21.848935ms)
✔ duplicate queued reward claims and replayed packet sequences grant only once (15.807653ms)
✔ candidate failure rolls back both payment and item grant (16.381328ms)
✔ strict item codecs reject unknown IDs, client grants and inconsistent snapshots (0.720056ms)
✔ inventory transitions and snapshots do not alias source arrays (13.813525ms)
✔ depth wins independently of face order, including overlaid terrain and bridge (1.711181ms)
✔ raster bounds are capped (0.292992ms)
✔ asset fetch deduplicates requests and returns isolated cached bytes (8.17447ms)
✔ fetch caps concurrency at two and retries server errors only once (11.789747ms)
BJS - [02:27:17]: Babylon.js v9.28.0 - Null engine
✔ fetch rejects oversize, wrong MIME and timed-out transfers (28.814476ms)
✔ runtime catalog validation rejects unsafe paths, bad crops, coercion and duplicate IDs (1.37866ms)
✔ multipoint cloth preserves anchors and finite geometry under long stalls (65.857884ms)
✔ real Babylon NullEngine mounts, updates and disposes a cloth mesh (19.842329ms)
✔ static compression honors gzip refusal and preserves bytes (3.739781ms)
✔ two loopback realms use distinct ports and serve the shared fetch and mesh assets (393.639649ms)
✔ registry gates keyboard and ID dispatch identically and reports failures (2.217505ms)
✔ wind is bounded, copied and reset with the cloth (11.464752ms)
✔ impulse affects nearby unpinned points and leaves anchors fixed (1.044706ms)
✔ repeated opposing impulses and large wind remain finite with bounded geometry (59.346102ms)
✔ single step, reduced motion, pinned targets and reset use shared action rules (0.818175ms)
✔ toolbar button and keyboard dispatch share state; editing/repeat input is ignored; disposal removes handler (1.563498ms)
✔ thin walls cannot be tunneled through between samples (2.209823ms)
✔ pathfinder goes around walls and every returned segment is traversable (18.19911ms)
✔ sealed barriers and search budgets report explicit failures (32.00239ms)
✔ water, steep slopes, steps, bounds and invalid ground are rejected (0.784203ms)
✔ stronghold gate opening is passable while adjoining wall remains solid (7.397407ms)
✔ adding and removing a gate collider updates routes immediately (0.931505ms)
✔ mesh triangle sampling agrees at vertices and interiors including negative coordinates (6.921249ms)
✔ diagonal movement is normalized and duplicate inputs are ignored (1.223145ms)
✔ packet flooding does not advance simulation and stale held input stops (1.00798ms)
✔ sliding follows wall without crossing it or increasing speed (0.658444ms)
✔ movement codec rejects injected speed, timestamps, coordinates and invalid sequence (0.573586ms)
✔ chunk collider lifetime includes props and preserves unrelated dynamic gates (3.700913ms)
✔ all eight prop kinds generate valid shared geometry and unique ids (1.715598ms)
✔ browser-client module uses real socket: join, input, snapshot, disconnect and rejoin (stub DOM) (283.704378ms)
BJS - [02:27:18]: Babylon.js v9.28.0 - Null engine
BJS - [02:27:18]: Babylon.js v9.28.0 - Null engine
✔ eight prototype NPCs use stable safe separated landing positions (40.862943ms)
✔ prototype outfits articulate without spawning extra meshes and release their materials (241.947978ms)
✔ realm mounts one of each named friendly prototype and preserves ambient actors (468.812548ms)
BJS - [02:27:19]: Babylon.js v9.28.0 - Null engine
✔ all23 skills use themed three-step drills; start and partial actions award no XP (124.021788ms)
✔ fixed-coordinate autoclicking and queued rapid steps cannot finish a drill (2.144604ms)
✔ stale tokens, old steps, duplicate packets and another player cannot reuse a response (2.339528ms)
✔ shared attempt recovery survives skill cycling, cancellation, disconnect and fresh clock (7.751122ms)
✔ expiry and leaving the yard invalidate incomplete drills without XP (16.765186ms)
✔ last-moment partial response ends gracefully rather than faulting the host (17.399224ms)
✔ all existing gathering paths require three actions before any resource or25XP reward (9.07008ms)
✔ unknown skills, client grants, identities, clocks, fabricated responses and extra fields fail closed (0.735139ms)
✔ private challenges are detached, strictly validated and absent for other observers (1.129964ms)
✔ XP cap cannot wrap; v4 saves migrate without restoring an active drill (0.470861ms)
✔ dead players gain no XP; failed staged transition cannot partly start a drill (0.712134ms)
✔ yard fixtures remain checked, small, nonpickable and disposable (40.054515ms)
✔ preview boots, crosses every style, resizes, pauses and resumes with bounded catch-up (4065.377757ms)
✔ player save codec is strict, bounded and detached (5.006251ms)
✔ realm restores server-owned gameplay and position but resets packet sequence (4.417283ms)
✔ saved gather cooldown is relative to the join tick, not a stale absolute tick (3.313448ms)
✔ local profile store signs identity cookies and survives process-style reopen (13.885844ms)
✔ profile batches validate completely before replacing the durable database (3.967625ms)
✔ queued profile mutations serialize without losing concurrent sessions or saves (4.353116ms)
✔ replay v2 records restored gameplay without recording account or connection identity (9.986964ms)
✔ Strength-only training credits real damage without Attack or Defence XP (3.553169ms)
✔ explicit training changes affect only future resolved attacks (4.520548ms)
✔ guard, cooldown and distant attacks cannot mint XP (1.154151ms)
✔ overkill awards only remaining target health (27.121737ms)
✔ magic weapon requires explicit Magic mode and cannot train Attack (1.56489ms)
✔ save migration preserves old state, starts zero XP, and new saves retain builds (0.709901ms)
✔ failed staged tick cannot expose XP or training changes (0.587817ms)
✔ XP schemas reject client grants, coercion, unknown skills and shared snapshot leaks (0.607736ms)
✔ level thresholds, caps and combat brackets are deterministic and monotonic (0.388726ms)
✔ weapon identity and requirements remain independent from tier and training mode (0.330859ms)
✔ quest requires proximity, acceptance and complete inventory; reward cannot repeat (18.893397ms)
✔ shared finite patch and tick cooldown prevent packet harvesting; stock regrows (36.218069ms)
✔ client cannot supply inventory, rewards, quantity or a target position (0.642129ms)
✔ failed candidate discards resource consumption and private quest transitions (1.64465ms)
✔ recipient inventory is detached and absent from other player records (0.975622ms)
✔ disconnect save gates reconnect; duplicate and tampered cookies fail; restart restores latest appearance (148.839205ms)
✔ save failure faults health and shutdown rejects instead of reporting success (49.85742ms)
BJS - [02:27:21]: Babylon.js v9.28.0 - Null engine
BJS - [02:27:21]: Babylon.js v9.28.0 - Null engine
BJS - [02:27:22]: Babylon.js v9.28.0 - Null engine
✔ graphics context loss suspends rendering and restoration resumes with current quality (568.035922ms)
✔ stable viewport avoids repeated resize while orientation changes resize once (376.973792ms)
✔ complete realm renderer mounts collision-world geometry and cleans changing player rigs (453.281079ms)
BJS - [02:27:23]: Babylon.js v9.28.0 - Null engine
✔ seeded realm dressing is reproducible, diverse and separated from the walking lane (1.808809ms)
✔ ambient schedule reaches every event without repeated-rate dependence; pause removes events (1.871914ms)
✔ decorative meshes and NPCs stay bounded through long animation and dispose completely (250.913858ms)
✔ heartbeat uses actual snapshot age and never labels a stalled realm live (0.277098ms)
BJS - [02:27:24]: Babylon.js v9.28.0 - Null engine
✔ shared weather is deterministic, continuous, bounded and has gradual rain recovery (17.210829ms)
✔ chunk moisture cache is bounded, detached, shares rain and invalidates by clock bucket (0.62974ms)
✔ sky/cloud/rain meshes stay bounded and reduced motion pauses the climate without leaks (62.803698ms)
✔ 100 recorded replays reproduce every event and final SHA-256 (388.680574ms)
✔ replay rejects tampering, wrong contracts and unknown opcodes (7.691862ms)
✔ bounded recorder marks a valid prefix incomplete and does not stop gameplay (3.222311ms)
✔ canonical state orders keys and rejects invalid numbers (0.23195ms)
✔ journal output cannot mutate recorder and malformed clock is rejected (3.552619ms)
✔ real socket recording includes shared actions and replays on the same scene (67.754325ms)
✔ host serves the retro stylesheet and complete accessible HUD without losing gameplay IDs (74.099922ms)
BJS - [02:27:25]: Babylon.js v9.28.0 - Null engine
BJS - [02:27:25]: Babylon.js v9.28.0 - Null engine
✔ seeded grass is bounded, deterministic, dry-ground only and clear of the bridge lane (39.104051ms)
✔ foliage uses one noncolliding mesh and one disposable material (13.384168ms)
✔ retro terrain tint leaves original positions and indices unchanged and has finite colours (2.136663ms)
✔ fixed clock preserves cadence across irregular frame partitions (1.02803ms)
✔ long stalls have four-step budget and no delayed catch-up debt (0.141664ms)
✔ invalid clock deltas leave accumulator unchanged (0.356117ms)
✔ reset removes fractional tick and clock rejects recursive advancement (0.452492ms)
✔ realm packet flood cannot advance state or expose connection credentials (17.202226ms)
✔ visibility originates at authoritative player location and snapshot copies are isolated (0.991706ms)
✔ realm rejects forged input fields and stale sequence numbers (0.455928ms)
✔ disconnect removes visibility and reconnect receives a new public id and sequence scope (0.532022ms)
✔ late joins use realm snapshot clock while idle intent expires (1.267982ms)
✔ realm long stall is bounded and invalid delta does not move a player (0.469217ms)
✔ realm enforces option and spawn limits without retaining failed joins (0.358721ms)
✔ realm wall collisions remain authoritative for two independently moving players (2.34059ms)
✔ snapshot codec roundtrips, copies state and rejects unexpected fields at every level (0.394014ms)
✔ snapshot rejects duplicates, invalid clock, coordinates, identities and sequence values (0.372773ms)
✔ snapshot rejects malformed, oversized and excessively populated data (0.486283ms)
✔ transport gate accounts for projected queue and drops cosmetics before state (0.201915ms)
✔ transport gate rejects invalid budgets, sizes and priorities (0.159951ms)
✔ realm fixed-clock traversal: willowglass (40.772318ms)
✔ realm fixed-clock traversal: saffron (25.406967ms)
✔ realm fixed-clock traversal: mothlight (22.104501ms)
✔ all reference grid centers round trip, including last cells (13.057755ms)
✔ outside and non-finite coordinates are rejected rather than clamped (0.334865ms)
✔ pixel to world conversion preserves tile identity (0.242035ms)
✔ isometric projection is reversible (0.287073ms)
✔ imported preferences sanitize malformed settings (0.1925ms)
✔ packets cannot advance time or select another player (1.309575ms)
✔ duplicate inputs, flood limit, capacity and disconnect (0.362156ms)
✔ snapshot copies cannot mutate authoritative positions (0.163036ms)
✔ v0.4 willowglass: session traverses with preview prop colliders (44.352838ms)
✔ v0.4 saffron: session traverses with preview prop colliders (28.411084ms)
✔ v0.4 mothlight: session traverses with preview prop colliders (20.995808ms)
✔ Seraphine appearance replicates and restores without granting equipment (4.721101ms)
✔ Seraphine catalog matches unchanged PNG and both appearance selectors (1.210556ms)
✔ high-resolution catalog keeps strict dimension and pixel budgets (0.412072ms)
✔ three professions have exclusive XP, bounded pack, repeatable bank trips and no combat XP (126.023223ms)
✔ cooldowns, shared per-player skill clock, invalid commands and server range prevent client minting (5.417812ms)
✔ artisan recipe consumes exact bank resources and essence once, yielding two resources (0.277639ms)
✔ a full integrated gather/bank/PvM/craft route awards one essence per contributing clear (141.148322ms)
✔ strict saves migrate versions 1 and 2, preserve private banks and rebase gather cooldown on restore (3.829797ms)
✔ snapshot and save boundaries reject overflows, grants and private-state leakage (4.135648ms)
✔ bank capacity rejection and failed staged commits preserve all resources and XP (1.012507ms)
✔ Masterwork requires the second milestone, spends once, persists and cannot bypass Artisan (0.255144ms)
✔ presentation interpolates known positions and heights without modifying authority (1.278418ms)
✔ missing updates never extrapolate past last known position (0.21859ms)
✔ out-of-order and duplicate samples do not refresh liveness or reverse motion (0.176557ms)
✔ teleports and long gaps snap immediately instead of crossing the intervening world (0.247693ms)
✔ latest membership removes departed players and introduces new ones immediately (0.686876ms)
✔ buffer retains at most 32 snapshots and clear removes prior connection history (0.482427ms)
✔ invalid clocks and delay are rejected; backward arrival does not replace state (0.342167ms)
✔ jitter and backward presentation timestamps never rewind the render timeline (0.177167ms)
✔ flat terrain has one component and deterministic interior candidate in negative chunk (4.989386ms)
✔ water wall separates components without row wrapping (0.566234ms)
✔ grade boundary is inclusive and steeper ground has no candidate (1.402365ms)
✔ tiny dry islands cannot supply arrival patches and water wins classification (0.394755ms)
✔ survey rejects malformed grids and thresholds (0.477601ms)
✔ all atlas samples produce bounded honest surveys with open candidate neighborhoods (25.039588ms)
✔ two independent sockets receive shared authoritative movement and disconnect/rejoin (72.843492ms)
✔ server rejects unexpected Origin and missing Origin before joining (12.373153ms)
✔ capacity rejects excess peers and disconnect frees a slot (22.580359ms)
✔ binary and oversized frames close offending connections without killing host (27.612318ms)
✔ malformed and forged movement is rejected while healthy peer continues (23.729451ms)
✔ wall-clock packet flood disconnects sender even with simulation paused (10.667801ms)
✔ heartbeat reclaims a socket that stops answering ping (11.779408ms)
✔ realm fault disconnects all sockets and prevents replacement joins (22.376831ms)
✔ HTTP serves rehearsal assets, rejects metadata, and survives malformed target (28.622963ms)
✔ real shared crossing scene accepts a socket and advances without fault (54.593524ms)
BJS - [02:27:26]: Babylon.js v9.28.0 - Null engine
✔ camera-relative input rotates correctly without diagonal speed advantage; turns take shortest arc (1.151927ms)
✔ walk jog run accelerate to distinct host-owned speeds; releases and timeout stop immediately (4.305494ms)
✔ run exhaustion falls back to jog, needs recovery and mode switch; input flood cannot change energy (6.491351ms)
✔ staged movement preserves live speed and energy; enhanced replicated state is strict and detached (1.479972ms)
✔ camera follow preserves orbit zoom and user pan; reset and zoom respect limits (544.829186ms)
✔ movement, beacon and tick commit together at the first fixed tick (5.203869ms)
✔ game reducer failure discards already-calculated movement and game candidates (2.169442ms)
✔ final combined invariant failure discards both reducers (1.811643ms)
✔ catch-up actions resolve on first tick, not end-of-batch position (1.596908ms)
✔ diagnostic output is detached and excludes connection identifiers (0.51056ms)
✔ old candidate simulation contract is rejected (0.795379ms)
✔ development bridge keeps hello/action frames as text and rejects foreign Host (263.722107ms)
✔ real PGlite persists only validated visual quality across database reopen (1835.68226ms)
✔ same-origin worker and WASM assets are served with narrow compilation policy (108.755188ms)
BJS - [02:27:28]: Babylon.js v9.28.0 - Null engine
BJS - [02:27:28]: Babylon.js v9.28.0 - Null engine
BJS - [02:27:28]: Babylon.js v9.28.0 - Null engine
✔ all ten biomes have reproducible, budgeted non-attackable wildlife sites (12.670472ms)
✔ playable realm has a finite wildlife pocket and bounded paused roaming (31.86271ms)
✔ all wildlife rigs are non-pickable, stable under updates, streamed out and fully disposed (126.826745ms)
✔ wildlife holds its last dry position when a roaming sample becomes water (7.31927ms)
✔ enhanced species details are batched and blinking resets under pause (4.419366ms)
✔ atlas anchors cover ten actual distinct biomes deterministically across seeds (4.929685ms)
✔ all itinerary pairs use connected planned edges without cycles (1.477409ms)
✔ anchor inspection reports generated chunk evidence including negative coordinates (27.813091ms)
✔ authored content cannot be mutated through exported catalog (0.243507ms)
✔ atlas controls select all regions and redraw at mobile size using a stub canvas (49.678982ms)
✔ same seed and coordinates reproduce all descriptors regardless of generation order (21.221059ms)
✔ east and south edges match exactly across origin and region boundaries (17.908818ms)
✔ generated props have stable unique ids, dry ground and finite geometry (109.92011ms)
✔ catalog has ten complete biome recipes and every biome is reachable (0.606966ms)
✔ negative positions floor into negative chunks (0.287734ms)
✔ weather is deterministic and only changes at epoch boundaries (0.171328ms)
✔ codec rejects malformed, oversized, unknown, fractional and dangerous fields (0.65006ms)
✔ server rejects distant requests and client rejects different world recipes (5.255526ms)
✔ client chunk view reuses existing chunks and disposes unloaded chunks (14.056051ms)
✔ terrain mesh has valid upward-facing indices and finite vertex buffers (3.760272ms)
✔ exact exponential thresholds, every level boundary and99 cap (1.374803ms)
✔ combat uses all seven skills, max126, and pure builds preserve untrained skills (0.925366ms)
✔ all23 skills have separate capped XP, derived bonuses and strict level requirements (2.825892ms)
✔ v3 save migration preserves original XP, bank, mode and gear and initializes added skills (0.433063ms)
✔ earned levels affect actual combat health/damage and gathering speed without client XP grants (1.962881ms)
ℹ tests 286
ℹ suites 0
ℹ pass 286
ℹ fail 0
ℹ cancelled 0
ℹ skipped 0
ℹ todo 0
ℹ duration_ms 15923.444527
