npm warn Unknown env config "http-proxy". This will stop working in the next major version of npm.

> wayfarer-world-kit@0.9.0-rc.3 test
> npm run build && node --test --test-concurrency=2 test/*.test.mjs

npm warn Unknown env config "http-proxy". This will stop working in the next major version of npm.

> wayfarer-world-kit@0.9.0-rc.3 build
> tsc -p tsconfig.json && npm run mesh:bundle && npm run realm:bundle && npm run visual:bundle && npm run characters:bundle

npm warn Unknown env config "http-proxy". This will stop working in the next major version of npm.

> wayfarer-world-kit@0.9.0-rc.3 mesh:bundle
> esbuild src/mesh-lab.ts --bundle --format=esm --minify --legal-comments=linked --outfile=preview/mesh-lab.bundle.js


  preview/mesh-lab.bundle.js  6.9mb ⚠️

⚡ Done in 1320ms
npm warn Unknown env config "http-proxy". This will stop working in the next major version of npm.

> wayfarer-world-kit@0.9.0-rc.3 realm:bundle
> esbuild src/realm-3d.ts --bundle --format=esm --minify --legal-comments=linked --outfile=preview/realm-3d.bundle.js


  preview/realm-3d.bundle.js  6.9mb ⚠️

⚡ Done in 1241ms
npm warn Unknown env config "http-proxy". This will stop working in the next major version of npm.

> wayfarer-world-kit@0.9.0-rc.3 visual:bundle
> esbuild src/pglite-plugin.ts --bundle --platform=browser --format=esm --minify --legal-comments=linked --outfile=preview/pglite-plugin.bundle.js && esbuild src/pglite-worker.ts --bundle --platform=browser --format=esm --minify --legal-comments=linked --external:node:* --outfile=preview/pglite-worker.bundle.js && node tools/copy-pglite-assets.mjs


  preview/pglite-plugin.bundle.js  33.1kb

⚡ Done in 10ms

  preview/pglite-worker.bundle.js  595.3kb

⚡ Done in 70ms
npm warn Unknown env config "http-proxy". This will stop working in the next major version of npm.

> wayfarer-world-kit@0.9.0-rc.3 characters:bundle
> esbuild src/character-studio.ts --bundle --platform=browser --format=esm --minify --legal-comments=linked --outfile=preview/character-studio.bundle.js


  preview/character-studio.bundle.js  6.9mb ⚠️

⚡ Done in 1236ms
✔ A points down, B points up; equal strengths cancel only in the center plane (2.149278ms)
✔ C circulates tangentially, reverses cleanly and has a finite calm core (0.391489ms)
✔ field has bounded cylindrical support and weakens toward its edges (1.053222ms)
✔ pulse follows simulation time with known peak and trough (0.414345ms)
✔ invalid fields reject before mutation and settings are defensively copied (0.753726ms)
✔ combined field is capped separately from gravity; pulses freeze and reset with simulation (12.424478ms)
✔ strong pulsing ABC fields remain finite and preserve all pinned points (99.018813ms)
✔ player 1 failure leaves all committed walkers unchanged (4.002426ms)
✔ player 2 failure leaves all committed walkers unchanged (1.313111ms)
✔ player 3 failure leaves all committed walkers unchanged (1.682012ms)
✔ player 4 failure leaves all committed walkers unchanged (1.087221ms)
✔ invalid final candidate is discarded before commit (0.994531ms)
✔ 100 deterministic staged input replays match (87.483281ms)
✔ default fetch preserves the browser global receiver (10.208725ms)
✔ presentation springs respond to travel and settle without mutating authoritative position (4.307716ms)
✔ long stalls, teleports, reduced motion and invalid clocks are bounded (0.406909ms)
✔ irregular frame intervals keep springs finite and bounded (11.223657ms)
✔ magenta key preserves character colors and existing transparency (0.331905ms)
✔ animation uses frame durations and wraps at cycle boundary (1.020455ms)
✔ rounded sphere triangles face outwards and remain within collider extents (3.698576ms)
✔ all selectable source sheets match dimensions and crop bounds (3.799567ms)
✔ walk jog and run presentation have distinct grounded stride weights (0.762635ms)
✔ character studio and compiled renderer are served by the actual realm host with local preview controls (415.423791ms)
✔ comfort controls close reopen resize and restore hidden overlays (1.891859ms)
✔ shallow wading remains grounded and deeper water blocks all traversals (44.846487ms)
✔ cosmetic daylight cycles smoothly and rejects invalid clocks (1.710191ms)
✔ contract roundtrips within server input budget and matches simulation cadence (2.452111ms)
✔ every contract-field mismatch is rejected with a compatibility reason (0.724555ms)
✔ malformed handshakes and unknown fields are rejected on both sides (0.485156ms)
✔ incompatible world never joins, receives snapshots, or reserves a player id (40.292252ms)
✔ movement before hello is rejected before any player exists (9.193008ms)
✔ missing or unsupported subprotocol cannot establish a realm connection (10.749609ms)
✔ pending handshake expires and releases capacity without creating player (159.40952ms)
✔ replayed hello cannot reset player identity or input sequence (22.84982ms)
✔ compatibility errors map to bounded user messages, not arbitrary server prose (1.099436ms)
✔ bridge supports replace deep-water walking only inside their footprint (1.568394ms)
✔ submerged decks stay wet, and buried decks do not replace terrain (0.228061ms)
✔ ramp top geometry and navigation agree along both axes (0.554733ms)
✔ foundation interior is level and blend joins untouched ground continuously (0.340998ms)
✔ edited terrain triangles match samples at fractional positions and shared mesh borders (3.217763ms)
✔ conflicting earthworks, overlapping decks and invalid pad sizes are rejected (0.473936ms)
✔ bridge rails block sideways exits while the walking center remains clear (4.022484ms)
✔ all three themed plans cross real generated water with fitted dry landings (63.514785ms)
✔ fixed-tick server walker completes a real bridge crossing without teleporting or sinking (22.447019ms)
✔ planner rejects dry sites, clipped banks, multiple channels and invalid options (1.107227ms)
✔ nearby inscriptions respect three-dimensional inspection distance (11.650771ms)
✔ site reservations clear conflicting generated props and leave source chunks untouched (12.564606ms)
✔ reference scene buffers are finite, indexed correctly and reproduce identically (36.018353ms)
✔ adjacent ramps cannot silently register a discontinuous seam (0.387891ms)
✔ reserved procedural props and neighboring structures do not block the verified crossing (54.250668ms)
✔ keyboard aliases and touch holds release independently (0.927918ms)
✔ weapons enforce range, cadence and immutable damage definitions (1.464571ms)
✔ pulse can be guarded on impact or dodged outside the ring (0.303391ms)
✔ knockout recovers while warden rests; camp heals without exceeding cap (0.203257ms)
✔ contributors receive one shared victory, spectators none, and warden respawns (0.893877ms)
✔ burst commands cannot bypass cooldown; clients cannot submit damage or target (5.036681ms)
✔ failed candidate leaves combat, results and clock unchanged (1.496687ms)
✔ combat is shared while fighter state stays private and session-only (2.330838ms)
✔ malformed health and impossible recovery clocks fail closed (2.403007ms)
✔ passive pulse and health changes advance gameplay revision (6.791126ms)
✔ second-player failure prevents partial state publication and any further realm ticks (3.685579ms)
✔ clock reset and repaired sampler cannot revive a partially advanced realm (0.659655ms)
✔ trusted hook failure faults realm without publishing hook mutations (0.389986ms)
✔ invalid host deltas leave healthy realm available (0.745501ms)
✔ low-level WorldSession also blocks partial snapshots after tick failure (0.530422ms)
✔ catch-up fault preserves count of completed steps and stops remaining steps (1.022ms)
✔ actions wait for tick, distance is authoritative and effects are idempotent (8.080205ms)
✔ identity fields, unknown skins and malformed commands fail closed (1.396074ms)
✔ cosmetics replicate only for visible identities and queued actions are bounded (2.737594ms)
✔ failed action calculation preserves all game results and effects (1.021321ms)
✔ invalid server game messages are rejected (1.44502ms)
✔ inventory rejects sparse slots and item catalog cannot be changed (1.777498ms)
✔ resource and gather clocks reject impossible snapshots (5.148887ms)
✔ duplicate player identity and malformed connections cannot enter gameplay (2.639148ms)
✔ final candidate failure discards reward payment, item grant, result and tick (26.936567ms)
✔ realm discards clock divergence before publishing movement (5.252628ms)
✔ 5000 seeded mixed actions preserve inventory and resource invariants (1009.429386ms)
BJS - [14:07:17]: Babylon.js v9.28.0 - Null engine
BJS - [14:07:17]: Babylon.js v9.28.0 - Null engine
BJS - [14:07:17]: Babylon.js v9.28.0 - Null engine
BJS - [14:07:18]: Babylon.js v9.28.0 - Null engine
BJS - [14:07:18]: Babylon.js v9.28.0 - Null engine
✔ blink and ambient gestures change only presentation and reset under reduced motion (187.75931ms)
✔ entire roster has distinct profiles, real geometry and disposable rigs (299.018902ms)
✔ cape pins stay anchored, wind deforms the hem and all geometry remains finite (40.90079ms)
✔ walking follows server positions, pause stabilizes secondary motion, equipment swaps do not leak meshes (29.459981ms)
✔ active drill gestures articulate the rig and reset cleanly when paused (58.65472ms)
BJS - [14:07:18]: Babylon.js v9.28.0 - Null engine
BJS - [14:07:18]: Babylon.js v9.28.0 - Null engine
BJS - [14:07:19]: Babylon.js v9.28.0 - Null engine
BJS - [14:07:19]: Babylon.js v9.28.0 - Null engine
✔ all roster models contain detailed faces, clothed anatomy and a bounded joint/mesh budget (294.486288ms)
✔ appearance validation is strict, detached and palette-bounded before allocating a rig (178.348002ms)
✔ knees and elbows articulate in motion, wrists and speaking gestures reset fully on pause (28.024079ms)
✔ static batches retain anatomy labels and stable material/mesh counts through equipment and motion (42.333134ms)
✔ host sleeps without players, starts on admission and stops after final departure (303.880772ms)
✔ HUD tabs, keyboard navigation and collapse preserve independent gameplay controls (1.713998ms)
✔ one reward consumes one token; repeated claims cannot duplicate items (27.920721ms)
✔ equip and stow conserve item ownership and share only equipment (14.263314ms)
✔ duplicate queued reward claims and replayed packet sequences grant only once (11.950004ms)
✔ candidate failure rolls back both payment and item grant (13.544522ms)
✔ strict item codecs reject unknown IDs, client grants and inconsistent snapshots (0.675935ms)
✔ inventory transitions and snapshots do not alias source arrays (14.555846ms)
✔ depth wins independently of face order, including overlaid terrain and bridge (2.247207ms)
✔ raster bounds are capped (0.88775ms)
✔ asset fetch deduplicates requests and returns isolated cached bytes (6.2498ms)
✔ fetch caps concurrency at two and retries server errors only once (17.031374ms)
BJS - [14:07:20]: Babylon.js v9.28.0 - Null engine
✔ fetch rejects oversize, wrong MIME and timed-out transfers (14.305177ms)
✔ runtime catalog validation rejects unsafe paths, bad crops, coercion and duplicate IDs (1.432821ms)
✔ multipoint cloth preserves anchors and finite geometry under long stalls (101.520244ms)
✔ real Babylon NullEngine mounts, updates and disposes a cloth mesh (20.309744ms)
✔ static compression honors gzip refusal and preserves bytes (5.311128ms)
✔ two loopback realms use distinct ports and serve the shared fetch and mesh assets (739.265039ms)
✔ registry gates keyboard and ID dispatch identically and reports failures (1.927072ms)
✔ wind is bounded, copied and reset with the cloth (11.894638ms)
✔ impulse affects nearby unpinned points and leaves anchors fixed (1.616111ms)
✔ repeated opposing impulses and large wind remain finite with bounded geometry (75.887054ms)
✔ single step, reduced motion, pinned targets and reset use shared action rules (0.928789ms)
✔ toolbar button and keyboard dispatch share state; editing/repeat input is ignored; disposal removes handler (1.920324ms)
✔ thin walls cannot be tunneled through between samples (2.355788ms)
✔ pathfinder goes around walls and every returned segment is traversable (38.387905ms)
✔ sealed barriers and search budgets report explicit failures (39.089474ms)
✔ water, steep slopes, steps, bounds and invalid ground are rejected (1.002347ms)
✔ stronghold gate opening is passable while adjoining wall remains solid (6.546909ms)
✔ adding and removing a gate collider updates routes immediately (0.840899ms)
✔ mesh triangle sampling agrees at vertices and interiors including negative coordinates (7.531679ms)
✔ diagonal movement is normalized and duplicate inputs are ignored (1.034513ms)
✔ packet flooding does not advance simulation and stale held input stops (0.855712ms)
✔ sliding follows wall without crossing it or increasing speed (0.439934ms)
✔ movement codec rejects injected speed, timestamps, coordinates and invalid sequence (0.594604ms)
✔ chunk collider lifetime includes props and preserves unrelated dynamic gates (3.406114ms)
✔ all eight prop kinds generate valid shared geometry and unique ids (1.34893ms)
✔ browser-client module uses real socket: join, input, snapshot, disconnect and rejoin (stub DOM) (359.450112ms)
BJS - [14:07:21]: Babylon.js v9.28.0 - Null engine
BJS - [14:07:21]: Babylon.js v9.28.0 - Null engine
✔ eight prototype NPCs use stable safe separated landing positions (58.502196ms)
✔ prototype outfits articulate without spawning extra meshes and release their materials (353.014659ms)
✔ realm mounts one of each named friendly prototype and preserves ambient actors (689.969746ms)
BJS - [14:07:23]: Babylon.js v9.28.0 - Null engine
✔ all23 skills use themed three-step drills; start and partial actions award no XP (161.992833ms)
✔ fixed-coordinate autoclicking and queued rapid steps cannot finish a drill (4.021055ms)
✔ stale tokens, old steps, duplicate packets and another player cannot reuse a response (5.89108ms)
✔ shared attempt recovery survives skill cycling, cancellation, disconnect and fresh clock (16.246091ms)
✔ expiry and leaving the yard invalidate incomplete drills without XP (28.01511ms)
✔ last-moment partial response ends gracefully rather than faulting the host (23.050893ms)
✔ all existing gathering paths require three actions before any resource or25XP reward (11.603497ms)
✔ unknown skills, client grants, identities, clocks, fabricated responses and extra fields fail closed (0.9035ms)
✔ private challenges are detached, strictly validated and absent for other observers (1.619605ms)
✔ XP cap cannot wrap; v4 saves migrate without restoring an active drill (0.713398ms)
✔ dead players gain no XP; failed staged transition cannot partly start a drill (1.116725ms)
✔ yard fixtures remain checked, small, nonpickable and disposable (56.460774ms)
✔ preview boots, crosses every style, resizes, pauses and resumes with bounded catch-up (7459.781518ms)
✔ player save codec is strict, bounded and detached (3.03832ms)
✔ realm restores server-owned gameplay and position but resets packet sequence (5.388415ms)
✔ saved gather cooldown is relative to the join tick, not a stale absolute tick (4.608113ms)
✔ local profile store signs identity cookies and survives process-style reopen (16.308088ms)
✔ profile batches validate completely before replacing the durable database (5.952103ms)
✔ queued profile mutations serialize without losing concurrent sessions or saves (6.991686ms)
✔ replay v2 records restored gameplay without recording account or connection identity (15.267529ms)
✔ Strength-only training credits real damage without Attack or Defence XP (3.709184ms)
✔ explicit training changes affect only future resolved attacks (6.516523ms)
✔ guard, cooldown and distant attacks cannot mint XP (1.648397ms)
✔ overkill awards only remaining target health (33.112496ms)
✔ magic weapon requires explicit Magic mode and cannot train Attack (2.022862ms)
✔ save migration preserves old state, starts zero XP, and new saves retain builds (0.955518ms)
✔ failed staged tick cannot expose XP or training changes (1.051933ms)
✔ XP schemas reject client grants, coercion, unknown skills and shared snapshot leaks (0.75915ms)
✔ level thresholds, caps and combat brackets are deterministic and monotonic (0.533176ms)
✔ weapon identity and requirements remain independent from tier and training mode (0.3028ms)
✔ quest requires proximity, acceptance and complete inventory; reward cannot repeat (33.550574ms)
✔ shared finite patch and tick cooldown prevent packet harvesting; stock regrows (37.298875ms)
✔ client cannot supply inventory, rewards, quantity or a target position (0.719528ms)
✔ failed candidate discards resource consumption and private quest transitions (2.742997ms)
✔ recipient inventory is detached and absent from other player records (1.722417ms)
✔ disconnect save gates reconnect; duplicate and tampered cookies fail; restart restores latest appearance (207.265303ms)
✔ save failure faults health and shutdown rejects instead of reporting success (78.820024ms)
BJS - [14:07:26]: Babylon.js v9.28.0 - Null engine
BJS - [14:07:27]: Babylon.js v9.28.0 - Null engine
BJS - [14:07:28]: Babylon.js v9.28.0 - Null engine
✔ graphics context loss suspends rendering and restoration resumes with current quality (1000.328016ms)
✔ stable viewport avoids repeated resize while orientation changes resize once (826.082637ms)
✔ complete realm renderer mounts collision-world geometry and cleans changing player rigs (999.050771ms)
BJS - [14:07:30]: Babylon.js v9.28.0 - Null engine
✔ seeded realm dressing is reproducible, diverse and separated from the walking lane (2.062949ms)
✔ ambient schedule reaches every event without repeated-rate dependence; pause removes events (3.391837ms)
✔ decorative meshes and NPCs stay bounded through long animation and dispose completely (285.007759ms)
✔ heartbeat uses actual snapshot age and never labels a stalled realm live (0.451083ms)
BJS - [14:07:31]: Babylon.js v9.28.0 - Null engine
✔ shared weather is deterministic, continuous, bounded and has gradual rain recovery (33.040491ms)
✔ chunk moisture cache is bounded, detached, shares rain and invalidates by clock bucket (0.820432ms)
✔ sky/cloud/rain meshes stay bounded and reduced motion pauses the climate without leaks (176.514751ms)
✔ renderer failure falls back and permits one fresh retry without leaking ownership (1.173296ms)
✔ overlapping starts coalesce; a late load after close is released (0.259324ms)
✔ load and cleanup failures retain a usable fallback owner (0.336017ms)
BJS - [14:07:32]: Babylon.js v9.28.0 - Null engine
BJS - [14:07:32]: Babylon.js v9.28.0 - Null engine
BJS - [14:07:33]: Babylon.js v9.28.0 - Null engine
✔ both original artworks are served exactly and landscape frame keeps source proportions (158.457064ms)
✔ HUD tolerates corrupt oversized and inaccessible device preferences (2.310991ms)
✔ a real realm scene frame fault is disposed and a new renderer can paint again (1386.335678ms)
✔ 100 recorded replays reproduce every event and final SHA-256 (451.36054ms)
✔ replay rejects tampering, wrong contracts and unknown opcodes (13.665527ms)
✔ bounded recorder marks a valid prefix incomplete and does not stop gameplay (10.805683ms)
✔ canonical state orders keys and rejects invalid numbers (0.355965ms)
✔ journal output cannot mutate recorder and malformed clock is rejected (5.435253ms)
✔ real socket recording includes shared actions and replays on the same scene (91.635111ms)
✔ host serves the retro stylesheet and complete accessible HUD without losing gameplay IDs (129.207454ms)
BJS - [14:07:34]: Babylon.js v9.28.0 - Null engine
BJS - [14:07:34]: Babylon.js v9.28.0 - Null engine
✔ seeded grass is bounded, deterministic, dry-ground only and clear of the bridge lane (68.438065ms)
✔ foliage uses one noncolliding mesh and one disposable material (22.479771ms)
✔ retro terrain tint leaves original positions and indices unchanged and has finite colours (2.652021ms)
✔ fixed clock preserves cadence across irregular frame partitions (1.459782ms)
✔ long stalls have four-step budget and no delayed catch-up debt (0.189204ms)
✔ invalid clock deltas leave accumulator unchanged (0.528439ms)
✔ reset removes fractional tick and clock rejects recursive advancement (0.36659ms)
✔ realm packet flood cannot advance state or expose connection credentials (25.058142ms)
✔ visibility originates at authoritative player location and snapshot copies are isolated (1.23703ms)
✔ realm rejects forged input fields and stale sequence numbers (4.045046ms)
✔ disconnect removes visibility and reconnect receives a new public id and sequence scope (0.944398ms)
✔ late joins use realm snapshot clock while idle intent expires (2.019364ms)
✔ realm long stall is bounded and invalid delta does not move a player (0.671771ms)
✔ realm enforces option and spawn limits without retaining failed joins (0.54176ms)
✔ realm wall collisions remain authoritative for two independently moving players (2.669545ms)
✔ snapshot codec roundtrips, copies state and rejects unexpected fields at every level (0.442255ms)
✔ snapshot rejects duplicates, invalid clock, coordinates, identities and sequence values (0.36797ms)
✔ snapshot rejects malformed, oversized and excessively populated data (0.610869ms)
✔ transport gate accounts for projected queue and drops cosmetics before state (0.251002ms)
✔ transport gate rejects invalid budgets, sizes and priorities (0.182902ms)
✔ realm fixed-clock traversal: willowglass (54.822741ms)
✔ realm fixed-clock traversal: saffron (34.242832ms)
✔ realm fixed-clock traversal: mothlight (29.506297ms)
✔ all reference grid centers round trip, including last cells (16.923476ms)
✔ outside and non-finite coordinates are rejected rather than clamped (0.582919ms)
✔ pixel to world conversion preserves tile identity (1.124045ms)
✔ isometric projection is reversible (0.707645ms)
✔ imported preferences sanitize malformed settings (0.432053ms)
✔ packets cannot advance time or select another player (2.490348ms)
✔ duplicate inputs, flood limit, capacity and disconnect (0.499181ms)
✔ snapshot copies cannot mutate authoritative positions (0.265507ms)
✔ v0.4 willowglass: session traverses with preview prop colliders (68.489901ms)
✔ v0.4 saffron: session traverses with preview prop colliders (53.278704ms)
✔ v0.4 mothlight: session traverses with preview prop colliders (64.495506ms)
✔ Seraphine appearance replicates and restores without granting equipment (7.572949ms)
✔ Seraphine catalog matches unchanged PNG and both appearance selectors (1.7108ms)
✔ high-resolution catalog keeps strict dimension and pixel budgets (0.449809ms)
✔ three professions have exclusive XP, bounded pack, repeatable bank trips and no combat XP (178.42444ms)
✔ cooldowns, shared per-player skill clock, invalid commands and server range prevent client minting (5.806235ms)
✔ artisan recipe consumes exact bank resources and essence once, yielding two resources (0.336074ms)
✔ a full integrated gather/bank/PvM/craft route awards one essence per contributing clear (200.076109ms)
✔ strict saves migrate versions 1 and 2, preserve private banks and rebase gather cooldown on restore (4.825458ms)
✔ snapshot and save boundaries reject overflows, grants and private-state leakage (5.576889ms)
✔ bank capacity rejection and failed staged commits preserve all resources and XP (2.035444ms)
✔ Masterwork requires the second milestone, spends once, persists and cannot bypass Artisan (0.290724ms)
✔ presentation interpolates known positions and heights without modifying authority (1.955096ms)
✔ missing updates never extrapolate past last known position (0.261755ms)
✔ out-of-order and duplicate samples do not refresh liveness or reverse motion (0.226997ms)
✔ teleports and long gaps snap immediately instead of crossing the intervening world (0.334432ms)
✔ latest membership removes departed players and introduces new ones immediately (0.949328ms)
✔ buffer retains at most 32 snapshots and clear removes prior connection history (0.616702ms)
✔ invalid clocks and delay are rejected; backward arrival does not replace state (0.404242ms)
✔ jitter and backward presentation timestamps never rewind the render timeline (0.186316ms)
✔ flat terrain has one component and deterministic interior candidate in negative chunk (6.493996ms)
✔ water wall separates components without row wrapping (0.78648ms)
✔ grade boundary is inclusive and steeper ground has no candidate (2.007154ms)
✔ tiny dry islands cannot supply arrival patches and water wins classification (0.320378ms)
✔ survey rejects malformed grids and thresholds (0.570603ms)
✔ all atlas samples produce bounded honest surveys with open candidate neighborhoods (29.477994ms)
✔ two independent sockets receive shared authoritative movement and disconnect/rejoin (81.619575ms)
✔ server rejects unexpected Origin and missing Origin before joining (14.575096ms)
✔ capacity rejects excess peers and disconnect frees a slot (23.826171ms)
✔ binary and oversized frames close offending connections without killing host (26.458168ms)
✔ malformed and forged movement is rejected while healthy peer continues (24.911452ms)
✔ wall-clock packet flood disconnects sender even with simulation paused (12.970451ms)
✔ heartbeat reclaims a socket that stops answering ping (12.480794ms)
✔ realm fault disconnects all sockets and prevents replacement joins (23.37611ms)
✔ HTTP serves rehearsal assets, rejects metadata, and survives malformed target (41.306514ms)
✔ real shared crossing scene accepts a socket and advances without fault (81.961988ms)
BJS - [14:07:36]: Babylon.js v9.28.0 - Null engine
✔ camera-relative input rotates correctly without diagonal speed advantage; turns take shortest arc (3.326531ms)
✔ walk jog run accelerate to distinct host-owned speeds; releases and timeout stop immediately (5.958926ms)
✔ run exhaustion falls back to jog, needs recovery and mode switch; input flood cannot change energy (15.936287ms)
✔ staged movement preserves live speed and energy; enhanced replicated state is strict and detached (1.815176ms)
✔ camera follow preserves orbit zoom and user pan; reset and zoom respect limits (960.644018ms)
✔ movement, beacon and tick commit together at the first fixed tick (11.034783ms)
✔ game reducer failure discards already-calculated movement and game candidates (3.082838ms)
✔ final combined invariant failure discards both reducers (2.839793ms)
✔ catch-up actions resolve on first tick, not end-of-batch position (5.192557ms)
✔ diagnostic output is detached and excludes connection identifiers (4.619435ms)
✔ old candidate simulation contract is rejected (1.009122ms)
✔ development bridge keeps hello/action frames as text and rejects foreign Host (335.685416ms)
✔ real PGlite persists only validated visual quality across database reopen (4142.666783ms)
✔ same-origin worker and WASM assets are served with narrow compilation policy (147.843558ms)
BJS - [14:07:40]: Babylon.js v9.28.0 - Null engine
✔ framed portrait is bounded noncolliding geometry and releases owned resources (31.012242ms)
✔ realm serves bundled original JPEG with correct type and unchanged bytes (154.120537ms)
BJS - [14:07:41]: Babylon.js v9.28.0 - Null engine
BJS - [14:07:42]: Babylon.js v9.28.0 - Null engine
BJS - [14:07:42]: Babylon.js v9.28.0 - Null engine
✔ all ten biomes have reproducible, budgeted non-attackable wildlife sites (34.159953ms)
✔ playable realm has a finite wildlife pocket and bounded paused roaming (33.002873ms)
✔ all wildlife rigs are non-pickable, stable under updates, streamed out and fully disposed (179.193005ms)
✔ wildlife holds its last dry position when a roaming sample becomes water (10.886422ms)
✔ enhanced species details are batched and blinking resets under pause (9.291827ms)
✔ atlas anchors cover ten actual distinct biomes deterministically across seeds (7.421048ms)
✔ all itinerary pairs use connected planned edges without cycles (2.373043ms)
✔ anchor inspection reports generated chunk evidence including negative coordinates (41.580591ms)
✔ authored content cannot be mutated through exported catalog (0.241921ms)
✔ atlas controls select all regions and redraw at mobile size using a stub canvas (52.161951ms)
✔ same seed and coordinates reproduce all descriptors regardless of generation order (22.375208ms)
✔ east and south edges match exactly across origin and region boundaries (21.641802ms)
✔ generated props have stable unique ids, dry ground and finite geometry (141.063216ms)
✔ catalog has ten complete biome recipes and every biome is reachable (1.002827ms)
✔ negative positions floor into negative chunks (0.369063ms)
✔ weather is deterministic and only changes at epoch boundaries (0.264438ms)
✔ codec rejects malformed, oversized, unknown, fractional and dangerous fields (1.062352ms)
✔ server rejects distant requests and client rejects different world recipes (9.816736ms)
✔ client chunk view reuses existing chunks and disposes unloaded chunks (14.966843ms)
✔ terrain mesh has valid upward-facing indices and finite vertex buffers (3.879865ms)
✔ protected encounter participants are never targeted or damaged (1.795429ms)
✔ GameActions preserves combat protection across staged commits (14.971593ms)
✔ Xam joins protected and exposes the merged identity contract (2.328375ms)
✔ Xam starts from normal fresh-player state and earns every skill through actual loops (3055.050754ms)
✔ Xam input capture replays deterministically including bounded stalled-clock advances (281.928197ms)
✔ Xam saves reopen without free offline XP and reject corrupted state (75.908198ms)
✔ Xam keeps an empty realm ticking and clean shutdown stops it (146.440197ms)
✔ a real player shares the realm but cannot trade follow or control Xam (36.759313ms)
✔ Xam persistence failure stops upkeep and faults health instead of losing progress silently (25.080251ms)
✔ exact exponential thresholds, every level boundary and99 cap (1.690816ms)
✔ combat uses all seven skills, max126, and pure builds preserve untrained skills (0.487089ms)
✔ all23 skills have separate capped XP, derived bonuses and strict level requirements (3.945497ms)
✔ v3 save migration preserves original XP, bank, mode and gear and initializes added skills (0.59062ms)
✔ earned levels affect actual combat health/damage and gathering speed without client XP grants (3.160395ms)
ℹ tests 306
ℹ suites 0
ℹ pass 306
ℹ fail 0
ℹ cancelled 0
ℹ skipped 0
ℹ todo 0
ℹ duration_ms 30996.223688
