✔ A points down, B points up; equal strengths cancel only in the center plane (0.8749ms)
✔ C circulates tangentially, reverses cleanly and has a finite calm core (0.265591ms)
✔ field has bounded cylindrical support and weakens toward its edges (0.69563ms)
✔ pulse follows simulation time with known peak and trough (0.152219ms)
✔ invalid fields reject before mutation and settings are defensively copied (0.504821ms)
✔ combined field is capped separately from gravity; pulses freeze and reset with simulation (11.175418ms)
✔ strong pulsing ABC fields remain finite and preserve all pinned points (58.034339ms)
✔ player 1 failure leaves all committed walkers unchanged (3.037532ms)
✔ player 2 failure leaves all committed walkers unchanged (0.717953ms)
✔ player 3 failure leaves all committed walkers unchanged (1.121191ms)
✔ player 4 failure leaves all committed walkers unchanged (0.454635ms)
✔ invalid final candidate is discarded before commit (0.429137ms)
✔ 100 deterministic staged input replays match (57.423723ms)
✔ default fetch preserves the browser global receiver (5.205943ms)
✔ presentation springs respond to travel and settle without mutating authoritative position (2.563788ms)
✔ long stalls, teleports, reduced motion and invalid clocks are bounded (0.351229ms)
✔ irregular frame intervals keep springs finite and bounded (3.637817ms)
✔ magenta key preserves character colors and existing transparency (0.23867ms)
✔ animation uses frame durations and wraps at cycle boundary (0.277688ms)
✔ rounded sphere triangles face outwards and remain within collider extents (0.699675ms)
✔ all selectable source sheets match dimensions and crop bounds (0.878596ms)
✔ walk jog and run presentation have distinct grounded stride weights (0.223718ms)
✔ character studio and compiled renderer are served by the actual realm host with local preview controls (283.357018ms)
✔ comfort controls close reopen resize and restore hidden overlays (2.0618ms)
✔ shallow wading remains grounded and deeper water blocks all traversals (46.081473ms)
✔ cosmetic daylight cycles smoothly and rejects invalid clocks (1.876461ms)
✔ contract roundtrips within server input budget and matches simulation cadence (1.736419ms)
✔ every contract-field mismatch is rejected with a compatibility reason (0.526775ms)
✔ malformed handshakes and unknown fields are rejected on both sides (0.328996ms)
✔ incompatible world never joins, receives snapshots, or reserves a player id (30.822685ms)
✔ movement before hello is rejected before any player exists (8.19407ms)
✔ missing or unsupported subprotocol cannot establish a realm connection (12.455909ms)
✔ pending handshake expires and releases capacity without creating player (155.707207ms)
✔ replayed hello cannot reset player identity or input sequence (21.441624ms)
✔ compatibility errors map to bounded user messages, not arbitrary server prose (0.616911ms)
✔ bridge supports replace deep-water walking only inside their footprint (1.270487ms)
✔ submerged decks stay wet, and buried decks do not replace terrain (0.171849ms)
✔ ramp top geometry and navigation agree along both axes (0.735118ms)
✔ foundation interior is level and blend joins untouched ground continuously (0.253633ms)
✔ edited terrain triangles match samples at fractional positions and shared mesh borders (2.043963ms)
✔ conflicting earthworks, overlapping decks and invalid pad sizes are rejected (0.3973ms)
✔ bridge rails block sideways exits while the walking center remains clear (2.649697ms)
✔ all three themed plans cross real generated water with fitted dry landings (45.77385ms)
✔ fixed-tick server walker completes a real bridge crossing without teleporting or sinking (14.871934ms)
✔ planner rejects dry sites, clipped banks, multiple channels and invalid options (0.968761ms)
✔ nearby inscriptions respect three-dimensional inspection distance (8.290856ms)
✔ site reservations clear conflicting generated props and leave source chunks untouched (11.58806ms)
✔ reference scene buffers are finite, indexed correctly and reproduce identically (27.619573ms)
✔ adjacent ramps cannot silently register a discontinuous seam (0.365832ms)
✔ reserved procedural props and neighboring structures do not block the verified crossing (34.744691ms)
✔ keyboard aliases and touch holds release independently (0.857744ms)
✔ weapons enforce range, cadence and immutable damage definitions (1.071627ms)
✔ pulse can be guarded on impact or dodged outside the ring (0.311099ms)
✔ knockout recovers while warden rests; camp heals without exceeding cap (0.144809ms)
✔ contributors receive one shared victory, spectators none, and warden respawns (0.698484ms)
✔ burst commands cannot bypass cooldown; clients cannot submit damage or target (3.091784ms)
✔ failed candidate leaves combat, results and clock unchanged (4.373758ms)
✔ combat is shared while fighter state stays private and session-only (1.213039ms)
✔ malformed health and impossible recovery clocks fail closed (0.352732ms)
✔ passive pulse and health changes advance gameplay revision (4.526117ms)
✔ second-player failure prevents partial state publication and any further realm ticks (2.653072ms)
✔ clock reset and repaired sampler cannot revive a partially advanced realm (0.501026ms)
✔ trusted hook failure faults realm without publishing hook mutations (0.301184ms)
✔ invalid host deltas leave healthy realm available (0.376649ms)
✔ low-level WorldSession also blocks partial snapshots after tick failure (0.374295ms)
✔ catch-up fault preserves count of completed steps and stops remaining steps (0.568107ms)
✔ actions wait for tick, distance is authoritative and effects are idempotent (4.58695ms)
✔ identity fields, unknown skins and malformed commands fail closed (0.51711ms)
✔ cosmetics replicate only for visible identities and queued actions are bounded (1.517249ms)
✔ failed action calculation preserves all game results and effects (0.407365ms)
✔ invalid server game messages are rejected (0.663781ms)
✔ inventory rejects sparse slots and item catalog cannot be changed (0.910303ms)
✔ resource and gather clocks reject impossible snapshots (1.973447ms)
✔ duplicate player identity and malformed connections cannot enter gameplay (1.017124ms)
✔ final candidate failure discards reward payment, item grant, result and tick (12.285653ms)
✔ realm discards clock divergence before publishing movement (2.328022ms)
✔ 5000 seeded mixed actions preserve inventory and resource invariants (444.664628ms)
BJS - [03:17:39]: Babylon.js v9.28.0 - Null engine
BJS - [03:17:39]: Babylon.js v9.28.0 - Null engine
BJS - [03:17:39]: Babylon.js v9.28.0 - Null engine
BJS - [03:17:39]: Babylon.js v9.28.0 - Null engine
BJS - [03:17:39]: Babylon.js v9.28.0 - Null engine
✔ blink and ambient gestures change only presentation and reset under reduced motion (83.079714ms)
✔ entire roster has distinct profiles, real geometry and disposable rigs (125.711884ms)
✔ cape pins stay anchored, wind deforms the hem and all geometry remains finite (15.69794ms)
✔ walking follows server positions, pause stabilizes secondary motion, equipment swaps do not leak meshes (21.778833ms)
✔ active drill gestures articulate the rig and reset cleanly when paused (50.749295ms)
BJS - [03:17:40]: Babylon.js v9.28.0 - Null engine
BJS - [03:17:40]: Babylon.js v9.28.0 - Null engine
BJS - [03:17:40]: Babylon.js v9.28.0 - Null engine
BJS - [03:17:40]: Babylon.js v9.28.0 - Null engine
✔ all roster models contain detailed faces, clothed anatomy and a bounded joint/mesh budget (189.667766ms)
✔ appearance validation is strict, detached and palette-bounded before allocating a rig (132.857252ms)
✔ knees and elbows articulate in motion, wrists and speaking gestures reset fully on pause (20.339612ms)
✔ static batches retain anatomy labels and stable material/mesh counts through equipment and motion (19.485163ms)
✔ host sleeps without players, starts on admission and stops after final departure (196.874076ms)
✔ HUD tabs, keyboard navigation and collapse preserve independent gameplay controls (1.248833ms)
✔ one reward consumes one token; repeated claims cannot duplicate items (17.166004ms)
✔ equip and stow conserve item ownership and share only equipment (8.912855ms)
✔ duplicate queued reward claims and replayed packet sequences grant only once (8.263736ms)
✔ candidate failure rolls back both payment and item grant (9.655064ms)
✔ strict item codecs reject unknown IDs, client grants and inconsistent snapshots (0.614056ms)
✔ inventory transitions and snapshots do not alias source arrays (12.087895ms)
✔ depth wins independently of face order, including overlaid terrain and bridge (1.696629ms)
✔ raster bounds are capped (0.261174ms)
✔ asset fetch deduplicates requests and returns isolated cached bytes (4.769935ms)
✔ fetch caps concurrency at two and retries server errors only once (6.471802ms)
BJS - [03:17:41]: Babylon.js v9.28.0 - Null engine
✔ fetch rejects oversize, wrong MIME and timed-out transfers (12.849092ms)
✔ runtime catalog validation rejects unsafe paths, bad crops, coercion and duplicate IDs (1.242775ms)
✔ multipoint cloth preserves anchors and finite geometry under long stalls (62.986825ms)
✔ real Babylon NullEngine mounts, updates and disposes a cloth mesh (14.188413ms)
✔ static compression honors gzip refusal and preserves bytes (3.472478ms)
✔ two loopback realms use distinct ports and serve the shared fetch and mesh assets (357.328868ms)
✔ registry gates keyboard and ID dispatch identically and reports failures (1.581996ms)
✔ wind is bounded, copied and reset with the cloth (7.551301ms)
✔ impulse affects nearby unpinned points and leaves anchors fixed (0.725715ms)
✔ repeated opposing impulses and large wind remain finite with bounded geometry (57.685633ms)
✔ single step, reduced motion, pinned targets and reset use shared action rules (0.728279ms)
✔ toolbar button and keyboard dispatch share state; editing/repeat input is ignored; disposal removes handler (1.454143ms)
✔ thin walls cannot be tunneled through between samples (1.910823ms)
✔ pathfinder goes around walls and every returned segment is traversable (12.937156ms)
✔ sealed barriers and search budgets report explicit failures (25.138882ms)
✔ water, steep slopes, steps, bounds and invalid ground are rejected (0.573485ms)
✔ stronghold gate opening is passable while adjoining wall remains solid (4.531245ms)
✔ adding and removing a gate collider updates routes immediately (0.259742ms)
✔ mesh triangle sampling agrees at vertices and interiors including negative coordinates (4.841082ms)
✔ diagonal movement is normalized and duplicate inputs are ignored (0.868651ms)
✔ packet flooding does not advance simulation and stale held input stops (0.679164ms)
✔ sliding follows wall without crossing it or increasing speed (0.313082ms)
✔ movement codec rejects injected speed, timestamps, coordinates and invalid sequence (0.366303ms)
✔ chunk collider lifetime includes props and preserves unrelated dynamic gates (2.097665ms)
✔ all eight prop kinds generate valid shared geometry and unique ids (1.207381ms)
✔ browser-client module uses real socket: join, input, snapshot, disconnect and rejoin (stub DOM) (259.285712ms)
BJS - [03:17:42]: Babylon.js v9.28.0 - Null engine
BJS - [03:17:42]: Babylon.js v9.28.0 - Null engine
✔ eight prototype NPCs use stable safe separated landing positions (30.628215ms)
✔ prototype outfits articulate without spawning extra meshes and release their materials (205.935836ms)
✔ realm mounts one of each named friendly prototype and preserves ambient actors (451.893575ms)
BJS - [03:17:43]: Babylon.js v9.28.0 - Null engine
✔ all23 skills use themed three-step drills; start and partial actions award no XP (114.06434ms)
✔ fixed-coordinate autoclicking and queued rapid steps cannot finish a drill (2.264606ms)
✔ stale tokens, old steps, duplicate packets and another player cannot reuse a response (2.351497ms)
✔ shared attempt recovery survives skill cycling, cancellation, disconnect and fresh clock (7.814296ms)
✔ expiry and leaving the yard invalidate incomplete drills without XP (16.224731ms)
✔ last-moment partial response ends gracefully rather than faulting the host (17.591592ms)
✔ all existing gathering paths require three actions before any resource or25XP reward (9.437224ms)
✔ unknown skills, client grants, identities, clocks, fabricated responses and extra fields fail closed (0.761579ms)
✔ private challenges are detached, strictly validated and absent for other observers (1.022903ms)
✔ XP cap cannot wrap; v4 saves migrate without restoring an active drill (0.56981ms)
✔ dead players gain no XP; failed staged transition cannot partly start a drill (0.734778ms)
✔ yard fixtures remain checked, small, nonpickable and disposable (39.248262ms)
✔ preview boots, crosses every style, resizes, pauses and resumes with bounded catch-up (3830.765294ms)
✔ player save codec is strict, bounded and detached (2.591659ms)
✔ realm restores server-owned gameplay and position but resets packet sequence (5.059621ms)
✔ saved gather cooldown is relative to the join tick, not a stale absolute tick (4.252094ms)
✔ local profile store signs identity cookies and survives process-style reopen (15.915214ms)
✔ profile batches validate completely before replacing the durable database (5.33709ms)
✔ queued profile mutations serialize without losing concurrent sessions or saves (6.108624ms)
✔ replay v2 records restored gameplay without recording account or connection identity (9.8329ms)
✔ Strength-only training credits real damage without Attack or Defence XP (3.075218ms)
✔ explicit training changes affect only future resolved attacks (4.939319ms)
✔ guard, cooldown and distant attacks cannot mint XP (1.144776ms)
✔ overkill awards only remaining target health (27.548731ms)
✔ magic weapon requires explicit Magic mode and cannot train Attack (1.600344ms)
✔ save migration preserves old state, starts zero XP, and new saves retain builds (0.848721ms)
✔ failed staged tick cannot expose XP or training changes (0.806036ms)
✔ XP schemas reject client grants, coercion, unknown skills and shared snapshot leaks (0.796291ms)
✔ level thresholds, caps and combat brackets are deterministic and monotonic (0.559814ms)
✔ weapon identity and requirements remain independent from tier and training mode (0.294644ms)
✔ quest requires proximity, acceptance and complete inventory; reward cannot repeat (14.295661ms)
✔ shared finite patch and tick cooldown prevent packet harvesting; stock regrows (26.158224ms)
✔ client cannot supply inventory, rewards, quantity or a target position (0.634407ms)
✔ failed candidate discards resource consumption and private quest transitions (1.496758ms)
✔ recipient inventory is detached and absent from other player records (0.612794ms)
✔ disconnect save gates reconnect; duplicate and tampered cookies fail; restart restores latest appearance (152.527352ms)
✔ save failure faults health and shutdown rejects instead of reporting success (46.758086ms)
BJS - [03:17:44]: Babylon.js v9.28.0 - Null engine
BJS - [03:17:45]: Babylon.js v9.28.0 - Null engine
BJS - [03:17:45]: Babylon.js v9.28.0 - Null engine
✔ graphics context loss suspends rendering and restoration resumes with current quality (556.132135ms)
✔ stable viewport avoids repeated resize while orientation changes resize once (378.59787ms)
✔ complete realm renderer mounts collision-world geometry and cleans changing player rigs (485.128536ms)
BJS - [03:17:47]: Babylon.js v9.28.0 - Null engine
✔ seeded realm dressing is reproducible, diverse and separated from the walking lane (2.018795ms)
✔ ambient schedule reaches every event without repeated-rate dependence; pause removes events (2.394581ms)
✔ decorative meshes and NPCs stay bounded through long animation and dispose completely (194.48462ms)
✔ heartbeat uses actual snapshot age and never labels a stalled realm live (0.24521ms)
BJS - [03:17:47]: Babylon.js v9.28.0 - Null engine
✔ shared weather is deterministic, continuous, bounded and has gradual rain recovery (21.531758ms)
✔ chunk moisture cache is bounded, detached, shares rain and invalidates by clock bucket (0.552563ms)
✔ sky/cloud/rain meshes stay bounded and reduced motion pauses the climate without leaks (124.240347ms)
✔ renderer failure falls back and permits one fresh retry without leaking ownership (0.965787ms)
✔ overlapping starts coalesce; a late load after close is released (0.217338ms)
✔ load and cleanup failures retain a usable fallback owner (0.241565ms)
BJS - [03:17:48]: Babylon.js v9.28.0 - Null engine
BJS - [03:17:48]: Babylon.js v9.28.0 - Null engine
BJS - [03:17:49]: Babylon.js v9.28.0 - Null engine
✔ both original artworks are served exactly and landscape frame keeps source proportions (100.699741ms)
✔ HUD tolerates corrupt oversized and inaccessible device preferences (1.749549ms)
✔ a real realm scene frame fault is disposed and a new renderer can paint again (752.134989ms)
✔ 100 recorded replays reproduce every event and final SHA-256 (295.499927ms)
✔ replay rejects tampering, wrong contracts and unknown opcodes (7.301203ms)
✔ bounded recorder marks a valid prefix incomplete and does not stop gameplay (3.127207ms)
✔ canonical state orders keys and rejects invalid numbers (0.234043ms)
✔ journal output cannot mutate recorder and malformed clock is rejected (3.226577ms)
✔ real socket recording includes shared actions and replays on the same scene (55.508356ms)
✔ host serves the retro stylesheet and complete accessible HUD without losing gameplay IDs (56.950771ms)
BJS - [03:17:49]: Babylon.js v9.28.0 - Null engine
BJS - [03:17:49]: Babylon.js v9.28.0 - Null engine
✔ seeded grass is bounded, deterministic, dry-ground only and clear of the bridge lane (38.849909ms)
✔ foliage uses one noncolliding mesh and one disposable material (13.618241ms)
✔ retro terrain tint leaves original positions and indices unchanged and has finite colours (2.110353ms)
✔ fixed clock preserves cadence across irregular frame partitions (1.137035ms)
✔ long stalls have four-step budget and no delayed catch-up debt (0.140772ms)
✔ invalid clock deltas leave accumulator unchanged (0.277399ms)
✔ reset removes fractional tick and clock rejects recursive advancement (0.343989ms)
✔ realm packet flood cannot advance state or expose connection credentials (15.511748ms)
✔ visibility originates at authoritative player location and snapshot copies are isolated (1.304698ms)
✔ realm rejects forged input fields and stale sequence numbers (0.507736ms)
✔ disconnect removes visibility and reconnect receives a new public id and sequence scope (0.452593ms)
✔ late joins use realm snapshot clock while idle intent expires (1.493192ms)
✔ realm long stall is bounded and invalid delta does not move a player (0.452002ms)
✔ realm enforces option and spawn limits without retaining failed joins (0.356097ms)
✔ realm wall collisions remain authoritative for two independently moving players (1.815408ms)
✔ snapshot codec roundtrips, copies state and rejects unexpected fields at every level (0.505012ms)
✔ snapshot rejects duplicates, invalid clock, coordinates, identities and sequence values (0.337048ms)
✔ snapshot rejects malformed, oversized and excessively populated data (0.476218ms)
✔ transport gate accounts for projected queue and drops cosmetics before state (1.31263ms)
✔ transport gate rejects invalid budgets, sizes and priorities (0.216967ms)
✔ realm fixed-clock traversal: willowglass (45.758689ms)
✔ realm fixed-clock traversal: saffron (22.697346ms)
✔ realm fixed-clock traversal: mothlight (17.331216ms)
✔ all reference grid centers round trip, including last cells (13.847116ms)
✔ outside and non-finite coordinates are rejected rather than clamped (0.378851ms)
✔ pixel to world conversion preserves tile identity (0.177428ms)
✔ isometric projection is reversible (0.253803ms)
✔ imported preferences sanitize malformed settings (0.329347ms)
✔ packets cannot advance time or select another player (1.761397ms)
✔ duplicate inputs, flood limit, capacity and disconnect (0.369718ms)
✔ snapshot copies cannot mutate authoritative positions (0.166662ms)
✔ v0.4 willowglass: session traverses with preview prop colliders (42.842356ms)
✔ v0.4 saffron: session traverses with preview prop colliders (26.841427ms)
✔ v0.4 mothlight: session traverses with preview prop colliders (19.803861ms)
✔ Seraphine appearance replicates and restores without granting equipment (5.470191ms)
✔ Seraphine catalog matches unchanged PNG and both appearance selectors (1.596438ms)
✔ high-resolution catalog keeps strict dimension and pixel budgets (0.459904ms)
✔ three professions have exclusive XP, bounded pack, repeatable bank trips and no combat XP (137.390121ms)
✔ cooldowns, shared per-player skill clock, invalid commands and server range prevent client minting (5.43006ms)
✔ artisan recipe consumes exact bank resources and essence once, yielding two resources (0.289987ms)
✔ a full integrated gather/bank/PvM/craft route awards one essence per contributing clear (139.13241ms)
✔ strict saves migrate versions 1 and 2, preserve private banks and rebase gather cooldown on restore (3.368951ms)
✔ snapshot and save boundaries reject overflows, grants and private-state leakage (3.413449ms)
✔ bank capacity rejection and failed staged commits preserve all resources and XP (0.745204ms)
✔ Masterwork requires the second milestone, spends once, persists and cannot bypass Artisan (0.224358ms)
✔ presentation interpolates known positions and heights without modifying authority (1.446862ms)
✔ missing updates never extrapolate past last known position (0.190317ms)
✔ out-of-order and duplicate samples do not refresh liveness or reverse motion (0.234383ms)
✔ teleports and long gaps snap immediately instead of crossing the intervening world (0.415596ms)
✔ latest membership removes departed players and introduces new ones immediately (0.954059ms)
✔ buffer retains at most 32 snapshots and clear removes prior connection history (0.508617ms)
✔ invalid clocks and delay are rejected; backward arrival does not replace state (0.333563ms)
✔ jitter and backward presentation timestamps never rewind the render timeline (0.342647ms)
✔ flat terrain has one component and deterministic interior candidate in negative chunk (3.923498ms)
✔ water wall separates components without row wrapping (0.574928ms)
✔ grade boundary is inclusive and steeper ground has no candidate (1.207111ms)
✔ tiny dry islands cannot supply arrival patches and water wins classification (0.222446ms)
✔ survey rejects malformed grids and thresholds (0.404741ms)
✔ all atlas samples produce bounded honest surveys with open candidate neighborhoods (19.016784ms)
✔ two independent sockets receive shared authoritative movement and disconnect/rejoin (69.588783ms)
✔ server rejects unexpected Origin and missing Origin before joining (12.773387ms)
✔ capacity rejects excess peers and disconnect frees a slot (23.449239ms)
✔ binary and oversized frames close offending connections without killing host (30.590471ms)
✔ malformed and forged movement is rejected while healthy peer continues (25.115564ms)
✔ wall-clock packet flood disconnects sender even with simulation paused (12.374865ms)
✔ heartbeat reclaims a socket that stops answering ping (12.761879ms)
✔ realm fault disconnects all sockets and prevents replacement joins (23.74101ms)
✔ HTTP serves rehearsal assets, rejects metadata, and survives malformed target (32.505179ms)
✔ real shared crossing scene accepts a socket and advances without fault (63.548062ms)
BJS - [03:17:51]: Babylon.js v9.28.0 - Null engine
✔ camera-relative input rotates correctly without diagonal speed advantage; turns take shortest arc (1.055552ms)
✔ walk jog run accelerate to distinct host-owned speeds; releases and timeout stop immediately (3.399978ms)
✔ run exhaustion falls back to jog, needs recovery and mode switch; input flood cannot change energy (5.603542ms)
✔ staged movement preserves live speed and energy; enhanced replicated state is strict and detached (1.402315ms)
✔ camera follow preserves orbit zoom and user pan; reset and zoom respect limits (499.58089ms)
✔ movement, beacon and tick commit together at the first fixed tick (6.520966ms)
✔ game reducer failure discards already-calculated movement and game candidates (3.536484ms)
✔ final combined invariant failure discards both reducers (2.365688ms)
✔ catch-up actions resolve on first tick, not end-of-batch position (2.665611ms)
✔ diagnostic output is detached and excludes connection identifiers (0.790783ms)
✔ old candidate simulation contract is rejected (1.08094ms)
✔ development bridge keeps hello/action frames as text and rejects foreign Host (271.420335ms)
✔ real PGlite persists only validated visual quality across database reopen (1916.825679ms)
✔ same-origin worker and WASM assets are served with narrow compilation policy (115.910295ms)
BJS - [03:17:52]: Babylon.js v9.28.0 - Null engine
✔ framed portrait is bounded noncolliding geometry and releases owned resources (16.926261ms)
✔ realm serves bundled original JPEG with correct type and unchanged bytes (77.010536ms)
BJS - [03:17:54]: Babylon.js v9.28.0 - Null engine
BJS - [03:17:54]: Babylon.js v9.28.0 - Null engine
BJS - [03:17:54]: Babylon.js v9.28.0 - Null engine
✔ all ten biomes have reproducible, budgeted non-attackable wildlife sites (12.348997ms)
✔ playable realm has a finite wildlife pocket and bounded paused roaming (32.732926ms)
✔ all wildlife rigs are non-pickable, stable under updates, streamed out and fully disposed (114.31276ms)
✔ wildlife holds its last dry position when a roaming sample becomes water (4.286286ms)
✔ enhanced species details are batched and blinking resets under pause (3.35473ms)
✔ atlas anchors cover ten actual distinct biomes deterministically across seeds (4.036909ms)
✔ all itinerary pairs use connected planned edges without cycles (1.344858ms)
✔ anchor inspection reports generated chunk evidence including negative coordinates (27.002127ms)
✔ authored content cannot be mutated through exported catalog (0.237428ms)
✔ atlas controls select all regions and redraw at mobile size using a stub canvas (36.198499ms)
✔ same seed and coordinates reproduce all descriptors regardless of generation order (15.825279ms)
✔ east and south edges match exactly across origin and region boundaries (17.634779ms)
✔ generated props have stable unique ids, dry ground and finite geometry (110.354921ms)
✔ catalog has ten complete biome recipes and every biome is reachable (0.635599ms)
✔ negative positions floor into negative chunks (0.209636ms)
✔ weather is deterministic and only changes at epoch boundaries (0.167082ms)
✔ codec rejects malformed, oversized, unknown, fractional and dangerous fields (0.613506ms)
✔ server rejects distant requests and client rejects different world recipes (5.297009ms)
✔ client chunk view reuses existing chunks and disposes unloaded chunks (10.650814ms)
✔ terrain mesh has valid upward-facing indices and finite vertex buffers (2.992994ms)
✔ Xam starts from normal fresh-player state and earns every skill through actual loops (2250.909218ms)
✔ Xam input capture replays deterministically including bounded stalled-clock advances (188.636254ms)
✔ Xam saves reopen without free offline XP and reject corrupted state (52.002437ms)
✔ Xam keeps an empty realm ticking and clean shutdown stops it (141.676461ms)
✔ a real player shares the realm but cannot trade follow or control Xam (32.573742ms)
✔ Xam persistence failure stops upkeep and faults health instead of losing progress silently (17.866839ms)
✔ exact exponential thresholds, every level boundary and99 cap (1.235994ms)
✔ combat uses all seven skills, max126, and pure builds preserve untrained skills (0.427054ms)
✔ all23 skills have separate capped XP, derived bonuses and strict level requirements (5.976074ms)
✔ v3 save migration preserves original XP, bank, mode and gear and initializes added skills (0.411ms)
✔ earned levels affect actual combat health/damage and gathering speed without client XP grants (2.099256ms)
ℹ tests 303
ℹ suites 0
ℹ pass 303
ℹ fail 0
ℹ cancelled 0
ℹ skipped 0
ℹ todo 0
ℹ duration_ms 18760.332507
